%!Adobe-FontList 1.19
%Locale:0x409

%BeginFont
Handler:DirectoryHandler
FontType:TrueType
FontName:Lato-Bold
FamilyName:Lato
StyleName:Bold
MenuName:Lato
StyleBits:2
WeightClass:700
WidthClass:5
AngleClass:0
FullName:Lato Bold
WritingScript:Roman
OutlineFileName:\Lato-Bold.ttf
DataFormat:sfntData
hasSVG:no
VariableFontType:NonVariableFont
FileLength:121788
FileModTime:312760800
NameArray:0,Mac,4,Lato Bold
NameArray:0,Win,1,Lato
%EndFont

%BeginFont
Handler:DirectoryHandler
FontType:Type1
FontName:PlayfairDisplay-Bold
FamilyName:Playfair Display
StyleName:Bold
MenuName:Playfair Display
StyleBits:2
WeightClass:700
WidthClass:5
AngleClass:0
FullName:Playfair Display Bold
WritingScript:Roman
OutlineFileName:\PlayfairDisplay-Bold.otf
DataFormat:sfntData
UsesStandardEncoding:yes
isCFF:yes
hasSVG:no
VariableFontType:NonVariableFont
FileLength:158148
FileModTime:1539712616
NameArray:0,Mac,4,Playfair Display Bold
NameArray:0,Win,1,Playfair Display
%EndFont

%BeginFont
Handler:DirectoryHandler
FontType:TrueType
FontName:Lato-Regular
FamilyName:Lato
StyleName:Regular
MenuName:Lato
StyleBits:0
WeightClass:400
WidthClass:5
AngleClass:0
FullName:Lato Regular
WritingScript:Roman
OutlineFileName:\Lato-Regular.ttf
DataFormat:sfntData
hasSVG:no
VariableFontType:NonVariableFont
FileLength:120196
FileModTime:312760800
NameArray:0,Mac,4,Lato Regular
NameArray:0,Win,1,Lato
%EndFont

%BeginFont
Handler:DirectoryHandler
FontType:Type1
FontName:BebasNeue
FamilyName:Bebas Neue
StyleName:Regular
MenuName:Bebas Neue
StyleBits:0
WeightClass:400
WidthClass:5
AngleClass:0
FullName:Bebas Neue
WritingScript:Roman
OutlineFileName:\BebasNeue.otf
DataFormat:sfntData
UsesStandardEncoding:yes
isCFF:yes
hasSVG:no
VariableFontType:NonVariableFont
FileLength:45572
FileModTime:1330499160
NameArray:0,Mac,4,Bebas Neue
NameArray:0,Win,1,Bebas Neue
%EndFont

%BeginFont
Handler:DirectoryHandler
FontType:TrueType
FontName:Lato-Light
FamilyName:Lato
StyleName:Light
MenuName:Lato Light
StyleBits:0
WeightClass:300
WidthClass:5
AngleClass:0
FullName:Lato-Light
WritingScript:Roman
OutlineFileName:\Lato-Light.ttf
DataFormat:sfntData
hasSVG:no
VariableFontType:NonVariableFont
FileLength:122524
FileModTime:312760800
NameArray:0,Mac,4,Lato Light
NameArray:0,Win,1,Lato Light
NameArray:0,Win,16,Lato
%EndFont

%BeginFont
Handler:DirectoryHandler
FontType:TrueType
FontName:Lato-Medium
FamilyName:Lato
StyleName:Medium
MenuName:Lato Medium
StyleBits:0
WeightClass:500
WidthClass:5
AngleClass:0
FullName:Lato Medium
WritingScript:Roman
OutlineFileName:\Lato-Medium.ttf
DataFormat:sfntData
hasSVG:no
VariableFontType:NonVariableFont
FileLength:663564
FileModTime:312760800
NameArray:0,Mac,4,Lato Medium
NameArray:0,Win,1,Lato Medium
NameArray:0,Win,16,Lato
%EndFont

%BeginFont
Handler:DirectoryHandler
FontType:Type1
FontName:PlayfairDisplay-Regular
FamilyName:Playfair Display
StyleName:Regular
MenuName:Playfair Display
StyleBits:0
WeightClass:400
WidthClass:5
AngleClass:0
FullName:Playfair Display
WritingScript:Roman
OutlineFileName:\PlayfairDisplay-Regular.otf
DataFormat:sfntData
UsesStandardEncoding:yes
isCFF:yes
hasSVG:no
VariableFontType:NonVariableFont
FileLength:148580
FileModTime:1539712616
NameArray:0,Mac,4,Playfair Display
NameArray:0,Win,1,Playfair Display
%EndFont

